// Jest Snapshot v1, https://goo.gl/fbAQLP

exports[`Timer... should be able to render some time 1`] = `"08:00:00"`;
